// Jest Snapshot v1, https://goo.gl/fbAQLP

exports[`User Form should render and match the snapshot 1`] = `
<React.Fragment>
  <ForwardRef(Dialog)
    fullWidth={true}
    maxWidth="sm"
    onClose={[Function]}
    open={true}
  >
    <ForwardRef(DialogTitle)>
      Please enter your name!
    </ForwardRef(DialogTitle)>
    <ForwardRef(DialogContent)>
      <ForwardRef(TextField)
        autoFocus={true}
        fullWidth={true}
        id="name"
        label="Your Name"
        margin="dense"
        onChange={[Function]}
        onKeyDown={[Function]}
        type="name"
        variant="standard"
      />
    </ForwardRef(DialogContent)>
    <ForwardRef(DialogActions)>
      <ForwardRef(Button)
        onClick={[Function]}
      >
        Cancel
      </ForwardRef(Button)>
      <ForwardRef(Button)
        onClick={[Function]}
      >
        Enter to the chart
      </ForwardRef(Button)>
    </ForwardRef(DialogActions)>
  </ForwardRef(Dialog)>
  
</React.Fragment>
`;
